MPLINK 5.09, LINKER
Linker Map File - Created Fri Jul 03 15:07:02 2020

                                 Section Info
                  Section       Type    Address   Location Size(Bytes)
                ---------  ---------  ---------  ---------  ---------
                   .org_0       code   0x000000    program   0x000002
                   .cinit    romdata   0x000001    program   0x000004
                   .org_1       code   0x000005    program   0x000a1e
.config_2007_BUILD/DEFAULT/PRODUCTION/MAIN.O       code   0x002007    program   0x000002
.config_2008_BUILD/DEFAULT/PRODUCTION/MAIN.O       code   0x002008    program   0x000002



                              Program Memory Usage 
                               Start         End      
                           ---------   ---------      
                            0x000000    0x000002      
                            0x000005    0x000513      
                            0x002007    0x002008      
            1300 out of 8455 program addresses used, program memory utilization is 15%



                              Symbols - Sorted by Name
                     Name    Address   Location    Storage File                     
                ---------  ---------  ---------  --------- ---------                
                    BUCLE   0x000370    program     static D:\Documents\CursoEnsambladorINTESC\Ejercicio_A5_Mejorado.X\main.asm
                   D100us   0x000501    program     static D:\Documents\CursoEnsambladorINTESC\Ejercicio_A5_Mejorado.X\LCD_lib.inc
                    D15ms   0x000510    program     static D:\Documents\CursoEnsambladorINTESC\Ejercicio_A5_Mejorado.X\LCD_lib.inc
                   D167us   0x0004ea    program     static D:\Documents\CursoEnsambladorINTESC\Ejercicio_A5_Mejorado.X\LCD_lib.inc
                   D1_25s   0x000416    program     static D:\Documents\CursoEnsambladorINTESC\Ejercicio_A5_Mejorado.X\main.asm
                     D1ms   0x000508    program     static D:\Documents\CursoEnsambladorINTESC\Ejercicio_A5_Mejorado.X\LCD_lib.inc
                   D250us   0x000407    program     static D:\Documents\CursoEnsambladorINTESC\Ejercicio_A5_Mejorado.X\main.asm
                    D25ms   0x00040e    program     static D:\Documents\CursoEnsambladorINTESC\Ejercicio_A5_Mejorado.X\main.asm
                   D334us   0x0004f1    program     static D:\Documents\CursoEnsambladorINTESC\Ejercicio_A5_Mejorado.X\LCD_lib.inc
                   D4_1ms   0x0004f9    program     static D:\Documents\CursoEnsambladorINTESC\Ejercicio_A5_Mejorado.X\LCD_lib.inc
                      D5s   0x00041e    program     static D:\Documents\CursoEnsambladorINTESC\Ejercicio_A5_Mejorado.X\main.asm
               Delay100us   0x0004fd    program     static D:\Documents\CursoEnsambladorINTESC\Ejercicio_A5_Mejorado.X\LCD_lib.inc
                Delay15ms   0x00050c    program     static D:\Documents\CursoEnsambladorINTESC\Ejercicio_A5_Mejorado.X\LCD_lib.inc
               Delay167us   0x0004e6    program     static D:\Documents\CursoEnsambladorINTESC\Ejercicio_A5_Mejorado.X\LCD_lib.inc
               Delay1_25s   0x000412    program     static D:\Documents\CursoEnsambladorINTESC\Ejercicio_A5_Mejorado.X\main.asm
                 Delay1ms   0x000504    program     static D:\Documents\CursoEnsambladorINTESC\Ejercicio_A5_Mejorado.X\LCD_lib.inc
               Delay250us   0x000403    program     static D:\Documents\CursoEnsambladorINTESC\Ejercicio_A5_Mejorado.X\main.asm
                Delay25ms   0x00040a    program     static D:\Documents\CursoEnsambladorINTESC\Ejercicio_A5_Mejorado.X\main.asm
               Delay334us   0x0004ed    program     static D:\Documents\CursoEnsambladorINTESC\Ejercicio_A5_Mejorado.X\LCD_lib.inc
               Delay4_1ms   0x0004f5    program     static D:\Documents\CursoEnsambladorINTESC\Ejercicio_A5_Mejorado.X\LCD_lib.inc
                  Delay5s   0x00041a    program     static D:\Documents\CursoEnsambladorINTESC\Ejercicio_A5_Mejorado.X\main.asm
                   INICIO   0x000005    program     static D:\Documents\CursoEnsambladorINTESC\Ejercicio_A5_Mejorado.X\main.asm
                 LCD_Char   0x00049d    program     static D:\Documents\CursoEnsambladorINTESC\Ejercicio_A5_Mejorado.X\LCD_lib.inc
                LCD_Clear   0x0004b2    program     static D:\Documents\CursoEnsambladorINTESC\Ejercicio_A5_Mejorado.X\LCD_lib.inc
                 LCD_GoTo   0x0004d2    program     static D:\Documents\CursoEnsambladorINTESC\Ejercicio_A5_Mejorado.X\LCD_lib.inc
                 LCD_Home   0x0004c2    program     static D:\Documents\CursoEnsambladorINTESC\Ejercicio_A5_Mejorado.X\LCD_lib.inc
                 LCD_Init   0x000422    program     static D:\Documents\CursoEnsambladorINTESC\Ejercicio_A5_Mejorado.X\LCD_lib.inc



                              Symbols - Sorted by Address
                     Name    Address   Location    Storage File                     
                ---------  ---------  ---------  --------- ---------                
                   INICIO   0x000005    program     static D:\Documents\CursoEnsambladorINTESC\Ejercicio_A5_Mejorado.X\main.asm
                    BUCLE   0x000370    program     static D:\Documents\CursoEnsambladorINTESC\Ejercicio_A5_Mejorado.X\main.asm
               Delay250us   0x000403    program     static D:\Documents\CursoEnsambladorINTESC\Ejercicio_A5_Mejorado.X\main.asm
                   D250us   0x000407    program     static D:\Documents\CursoEnsambladorINTESC\Ejercicio_A5_Mejorado.X\main.asm
                Delay25ms   0x00040a    program     static D:\Documents\CursoEnsambladorINTESC\Ejercicio_A5_Mejorado.X\main.asm
                    D25ms   0x00040e    program     static D:\Documents\CursoEnsambladorINTESC\Ejercicio_A5_Mejorado.X\main.asm
               Delay1_25s   0x000412    program     static D:\Documents\CursoEnsambladorINTESC\Ejercicio_A5_Mejorado.X\main.asm
                   D1_25s   0x000416    program     static D:\Documents\CursoEnsambladorINTESC\Ejercicio_A5_Mejorado.X\main.asm
                  Delay5s   0x00041a    program     static D:\Documents\CursoEnsambladorINTESC\Ejercicio_A5_Mejorado.X\main.asm
                      D5s   0x00041e    program     static D:\Documents\CursoEnsambladorINTESC\Ejercicio_A5_Mejorado.X\main.asm
                 LCD_Init   0x000422    program     static D:\Documents\CursoEnsambladorINTESC\Ejercicio_A5_Mejorado.X\LCD_lib.inc
                 LCD_Char   0x00049d    program     static D:\Documents\CursoEnsambladorINTESC\Ejercicio_A5_Mejorado.X\LCD_lib.inc
                LCD_Clear   0x0004b2    program     static D:\Documents\CursoEnsambladorINTESC\Ejercicio_A5_Mejorado.X\LCD_lib.inc
                 LCD_Home   0x0004c2    program     static D:\Documents\CursoEnsambladorINTESC\Ejercicio_A5_Mejorado.X\LCD_lib.inc
                 LCD_GoTo   0x0004d2    program     static D:\Documents\CursoEnsambladorINTESC\Ejercicio_A5_Mejorado.X\LCD_lib.inc
               Delay167us   0x0004e6    program     static D:\Documents\CursoEnsambladorINTESC\Ejercicio_A5_Mejorado.X\LCD_lib.inc
                   D167us   0x0004ea    program     static D:\Documents\CursoEnsambladorINTESC\Ejercicio_A5_Mejorado.X\LCD_lib.inc
               Delay334us   0x0004ed    program     static D:\Documents\CursoEnsambladorINTESC\Ejercicio_A5_Mejorado.X\LCD_lib.inc
                   D334us   0x0004f1    program     static D:\Documents\CursoEnsambladorINTESC\Ejercicio_A5_Mejorado.X\LCD_lib.inc
               Delay4_1ms   0x0004f5    program     static D:\Documents\CursoEnsambladorINTESC\Ejercicio_A5_Mejorado.X\LCD_lib.inc
                   D4_1ms   0x0004f9    program     static D:\Documents\CursoEnsambladorINTESC\Ejercicio_A5_Mejorado.X\LCD_lib.inc
               Delay100us   0x0004fd    program     static D:\Documents\CursoEnsambladorINTESC\Ejercicio_A5_Mejorado.X\LCD_lib.inc
                   D100us   0x000501    program     static D:\Documents\CursoEnsambladorINTESC\Ejercicio_A5_Mejorado.X\LCD_lib.inc
                 Delay1ms   0x000504    program     static D:\Documents\CursoEnsambladorINTESC\Ejercicio_A5_Mejorado.X\LCD_lib.inc
                     D1ms   0x000508    program     static D:\Documents\CursoEnsambladorINTESC\Ejercicio_A5_Mejorado.X\LCD_lib.inc
                Delay15ms   0x00050c    program     static D:\Documents\CursoEnsambladorINTESC\Ejercicio_A5_Mejorado.X\LCD_lib.inc
                    D15ms   0x000510    program     static D:\Documents\CursoEnsambladorINTESC\Ejercicio_A5_Mejorado.X\LCD_lib.inc


